===popttest 
boolopt=0
spoolopt=0
stringopt="before"
ropeopt="BEFORE"
files=
===popttest -b
boolopt=1
spoolopt=0
stringopt="before"
ropeopt="BEFORE"
files=
===popttest --bool
boolopt=1
spoolopt=0
stringopt="before"
ropeopt="BEFORE"
files=
===popttest -b -b
boolopt=1
spoolopt=0
stringopt="before"
ropeopt="BEFORE"
files=
===popttest -b -S
boolopt=1
spoolopt=1
stringopt="before"
ropeopt="BEFORE"
files=
===popttest --bool --spool
boolopt=1
spoolopt=1
stringopt="before"
ropeopt="BEFORE"
files=
===popttest -bS
boolopt=1
spoolopt=1
stringopt="before"
ropeopt="BEFORE"
files=
===popttest -s
popttest:no value at or near -s
===popttest -s FOO
boolopt=0
spoolopt=0
stringopt="FOO"
ropeopt="BEFORE"
files=
===popttest --string FOO
boolopt=0
spoolopt=0
stringopt="FOO"
ropeopt="BEFORE"
files=
===popttest --string=FOO
boolopt=0
spoolopt=0
stringopt="FOO"
ropeopt="BEFORE"
files=
===popttest -b -S -s FOO
boolopt=1
spoolopt=1
stringopt="FOO"
ropeopt="BEFORE"
files=
===popttest -bS -s FOO
boolopt=1
spoolopt=1
stringopt="FOO"
ropeopt="BEFORE"
files=
===popttest -bSSb -s FOO
boolopt=1
spoolopt=1
stringopt="FOO"
ropeopt="BEFORE"
files=
===popttest -bSSb -s FOO -R BAR
boolopt=1
spoolopt=1
stringopt="FOO"
ropeopt="BAR"
files=
===popttest -bSSb -sR FOO BAR
boolopt=1
spoolopt=1
stringopt="FOO"
ropeopt="BAR"
files=
===popttest --string FOO --rope BAR
boolopt=0
spoolopt=0
stringopt="FOO"
ropeopt="BAR"
files=
===popttest --fmeh
popttest:bad option at or near --fmeh
===popttest -z
popttest:bad option at or near -z
===popttest -R
popttest:no value at or near -R
===popttest foo
boolopt=0
spoolopt=0
stringopt="before"
ropeopt="BEFORE"
files= "foo"
===popttest foo bar
boolopt=0
spoolopt=0
stringopt="before"
ropeopt="BEFORE"
files= "foo" "bar"
===popttest -b foo bar
boolopt=1
spoolopt=0
stringopt="before"
ropeopt="BEFORE"
files= "foo" "bar"
===popttest -b -- foo
boolopt=1
spoolopt=0
stringopt="before"
ropeopt="BEFORE"
files= "foo"
===popttest -b -- -R foo
boolopt=1
spoolopt=0
stringopt="before"
ropeopt="BEFORE"
files= "-R" "foo"
